INFO:database.db_manager:Creating new database...
INFO:database.db_manager:Database schema created successfully
INFO:database.db_manager:Database initialized at: C:\Users\ASUS\AppData\Local\Temp\test_db_5gnaa5pd\test.db
INFO:database.db_manager:Database connection closed
INFO:database.db_manager:Database already exists
INFO:database.db_manager:Database initialized at: C:\Users\ASUS\AppData\Local\Temp\test_db_5gnaa5pd\test.db
INFO:core.encryption_manager:Encryption manager initialized successfully
INFO:core.file_manager:FileManager initialized
INFO:core.file_manager:Created folder: C:\Users\ASUS\AppData\Local\Temp\widget_test_69z2_wp4\IMAGENES
INFO:core.file_manager:File copied: C:\Users\ASUS\AppData\Local\Temp\source_64vhdvwz\test_image.jpg -> C:\Users\ASUS\AppData\Local\Temp\widget_test_69z2_wp4\IMAGENES\test_image.jpg
INFO:core.file_manager:FileManager initialized
